TR01|tbl01.pft|Número de inventario#Volumen#Tomo#Código de usuario#Nombre#Tipo de usuario#Fecha de préstamo#Fecha de devolución#Tipo de Objeto#Referencia||TR_P$|Transacciones de préstamo a vencer después del |DATE|40
TR02|tbl01.pft|Número de inventario#Volumen#Tomo#Código de usuario#Nombre#Tipo de usuario#Fecha de préstamo#Fecha de devolución#Tipo de Objeto#Referencia|ref(['users']l(['users']'CO_'v20),v30)|TR_P$|Transacciones de préstamo (por nombre de usuario) a vencer después del |DATE|40
TR03|tbl01.pft|Número de inventario#Volumen#Tomo#Código de usuario#Nombre#Tipo de usuario#Fecha de préstamo#Fecha de devolución#Tipo de Objeto#Referencia||TR_P$|Préstamos pendientes||
TR04|tbl01.pft|Número de inventario#Volumen#Tomo#Código de usuario#Nombre#Tipo de usuario#Fecha de préstamo#Fecha de devolución#Tipo de Objeto#Referencia|ref(['users']l(['users']'CO_'v20),v30)|TR_P$|Préstamos pendientes por nombre de usuario||
TR05|tbl01.pft|Número de inventario#Volumen#Tomo#Código de usuario#Nombre#Tipo de usuario#Fecha de préstamo#Fecha de devolución#Tipo de Objeto#Referencia||TR_P$|Transacciones de préstamo pendientes, por tipo de usuario|USERTYPE|70
TR06|tbl01.pft|Número de inventario#Volumen#Tomo#Código de usuario#Nombre#Tipo de usuario#Fecha de préstamo#Fecha de devolución#Tipo de Objeto#Referencia||TR_P$|Transacciones de préstamo pendientes, por tipo de item|ITEMTYPE|80
