TR01|tbl01.pft|Nº de registro#Volume#Tomo#Código de usuário#Empréstimos com vencimento após#Tipo de usuário#Data de empréstimo#Data de devolução#Tipo de Objeto#Referência||TR_P$|Empréstimos com vencimento após|DATE|40
TR02|tbl01.pft|Nº de registro#Volume#Tomo#Código de usuário#Empréstimos com vencimento após#Tipo de usuário#Data de empréstimo#Data de devolução#Tipo de Objeto#Referência|ref(['users']l(['users']'CO_'v20),v30)|TR_P$|Empréstimos (por de usuário) com vencimento após |DATE|40
TR03|tbl01.pft|Nº de registro#Volume#Tomo#Código de usuário#Empréstimos com vencimento após#Tipo de usuário#Data de empréstimo#Data de devolução#Tipo de Objeto#Referência||TR_P$|Empréstimos pendentes||
TR04|tbl01.pft|Nº de registro#Volume#Tomo#Código de usuário#Empréstimos com vencimento após#Tipo de usuário#Data de empréstimo#Data de devolução#Tipo de Objeto#Referência|ref(['users']l(['users']'CO_'v20),v30)|TR_P$|Empréstimos pendentes por Empréstimos com vencimento após de usuário||
TR05|tbl01.pft|Nº de registro#Volume#Tomo#Código de usuário#Empréstimos com vencimento após#Tipo de usuário#Data de empréstimo#Data de devolução#Tipo de Objeto#Referência||TR_P$|Empréstimos pendentes por tipo de usuário|USERTYPE|70
TR06|tbl01.pft|Nº de registro#Volume#Tomo#Código de usuário#Empréstimos com vencimento após#Tipo de usuário#Data de empréstimo#Data de devolução#Tipo de Objeto#Referência||TR_P$|Empréstimos pendentes por tipo de itemITEMTYPE|80
