TR01|tbl01.pft|Inventory number#Volume#Tome#User code#Name#User type#Loan date#Return date#Object type#Reference||TR_P$|Loan transactions expiring after |DATE|40
TR02|tbl01.pft|Inventory number#Volume#Tome#User code#Name#User type#Loan date#Return date#Object type#Reference|ref(['users']l(['users']'CO_'v20),v30)|TR_P$|Loan transactions (by user name) expiring after |DATE|40
TR07|tbl01.pft|Inventory number#Volume#Tome#User code#Name#User type#Loan date#Return date#Object type#Reference||TR_P$|Loan transactions expiring before ||
TR08|tbl01.pft|Inventory number#Volume#Tome#User code#Name#User type#Loan date#Return date#Object type#Reference|ref(['users']l(['users']'CO_'v20),v30)|TR_P$|Loan transactions (by user name) expiring before |DATELESS|40
TR03|tbl01.pft|Inventory number#Volume#Tome#User code#Name#User type#Loan date#Return date#Object type#Reference||TR_P$|Active loans||
TR04|tbl01.pft|Inventory number#Volume#Tome#User code#Name#User type#Loan date#Return date#Object type#Reference|ref(['users']l(['users']'CO_'v20),v30)|TR_P$|Active loans by user name||
TR05|tbl01.pft|Inventory number#Volume#Tome#User code#Name#User type#Loan date#Return date#Object type#Reference||TR_P$|Active loans transactions, by user type|USERTYPE|70
TR06|tbl01.pft|Inventory number#Volume#Tome#User code#Name#User type#Loan date#Return date#Object type#Reference||TR_P$|Active loans transactions, by item type|ITEMTYPE|80
